// Jest Snapshot v1, https://goo.gl/fbAQLP

exports[`should render ExpenseListItem correctly 1`] = `
<div>
  <Link
    to="/edit/157eccc1-92ba-4403-8a69-493e9cb135f7"
  >
    <h3>
      Train ticket
    </h3>
  </Link>
  <p>
    Â£39.80
    -
    30th August, 2020
  </p>
</div>
`;
