// Jest Snapshot v1, https://goo.gl/fbAQLP

exports[`should render ExpenseForm correctly 1`] = `
<div>
  <form
    onSubmit={[Function]}
  >
    <input
      autoFocus={true}
      id="description"
      onChange={[Function]}
      placeholder="Description"
      type="text"
      value=""
    />
    <input
      id="amount"
      onChange={[Function]}
      placeholder="Amount"
      type="text"
      value=""
    />
    <withStyles(SingleDatePicker)
      anchorDirection="left"
      appendToBody={false}
      block={false}
      calendarInfoPosition="bottom"
      customCloseIcon={null}
      customInputIcon={null}
      date={"1970-01-01T00:00:00.000Z"}
      dayPickerNavigationInlineStyles={null}
      daySize={39}
      disableScroll={false}
      disabled={false}
      displayFormat="DD/MM/YYYY"
      enableOutsideDays={false}
      firstDayOfWeek={null}
      focused={false}
      hideKeyboardShortcutsPanel={false}
      horizontalMargin={0}
      horizontalMonthPadding={13}
      id="date"
      initialVisibleMonth={null}
      inputIconPosition="before"
      isDayBlocked={[Function]}
      isDayHighlighted={[Function]}
      isOutsideRange={[Function]}
      isRTL={false}
      keepFocusOnInput={false}
      keepOpenOnDateSelect={false}
      monthFormat="MMMM YYYY"
      navNext={null}
      navPosition="navPositionTop"
      navPrev={null}
      noBorder={false}
      numberOfMonths={1}
      onClose={[Function]}
      onDateChange={[Function]}
      onFocusChange={[Function]}
      onNextMonthClick={[Function]}
      onPrevMonthClick={[Function]}
      openDirection="down"
      orientation="horizontal"
      phrases={
        Object {
          "calendarLabel": "Calendar",
          "chooseAvailableDate": [Function],
          "clearDate": "Clear Date",
          "closeDatePicker": "Close",
          "dateIsSelected": [Function],
          "dateIsUnavailable": [Function],
          "enterKey": "Enter key",
          "escape": "Escape key",
          "hideKeyboardShortcutsPanel": "Close the shortcuts panel.",
          "homeEnd": "Home and end keys",
          "jumpToNextMonth": "Move forward to switch to the next month.",
          "jumpToPrevMonth": "Move backward to switch to the previous month.",
          "keyboardBackwardNavigationInstructions": "Navigate backward to interact with the calendar and select a date. Press the question mark key to get the keyboard shortcuts for changing dates.",
          "keyboardForwardNavigationInstructions": "Navigate forward to interact with the calendar and select a date. Press the question mark key to get the keyboard shortcuts for changing dates.",
          "keyboardShortcuts": "Keyboard Shortcuts",
          "leftArrowRightArrow": "Right and left arrow keys",
          "moveFocusByOneDay": "Move backward (left) and forward (right) by one day.",
          "moveFocusByOneMonth": "Switch months.",
          "moveFocusByOneWeek": "Move backward (up) and forward (down) by one week.",
          "moveFocustoStartAndEndOfWeek": "Go to the first or last day of a week.",
          "openThisPanel": "Open this panel.",
          "pageUpPageDown": "page up and page down keys",
          "questionMark": "Question mark",
          "returnFocusToInput": "Return to the date input field.",
          "roleDescription": "datepicker",
          "selectFocusedDate": "Select the date in focus.",
          "showKeyboardShortcutsPanel": "Open the keyboard shortcuts panel.",
          "upArrowDownArrow": "up and down arrow keys",
        }
      }
      placeholder="Date"
      readOnly={false}
      regular={false}
      renderCalendarInfo={null}
      renderDayContents={null}
      renderMonthElement={null}
      renderMonthText={null}
      renderNavNextButton={null}
      renderNavPrevButton={null}
      renderWeekHeaderElement={null}
      reopenPickerOnClearDate={false}
      required={false}
      screenReaderInputMessage=""
      showClearDate={false}
      showDefaultInputIcon={false}
      small={false}
      verticalHeight={null}
      verticalSpacing={22}
      weekDayFormat="dd"
      withFullScreenPortal={false}
      withPortal={false}
    />
    <textarea
      id="notes"
      onChange={[Function]}
      placeholder="Enter an optional note for your expense"
      value=""
    />
    <button>
      Add expense
    </button>
  </form>
</div>
`;

exports[`should render ExpenseForm correctly with an expense 1`] = `
<div>
  <form
    onSubmit={[Function]}
  >
    <input
      autoFocus={true}
      id="description"
      onChange={[Function]}
      placeholder="Description"
      type="text"
      value="Train ticket"
    />
    <input
      id="amount"
      onChange={[Function]}
      placeholder="Amount"
      type="text"
      value="39.8"
    />
    <withStyles(SingleDatePicker)
      anchorDirection="left"
      appendToBody={false}
      block={false}
      calendarInfoPosition="bottom"
      customCloseIcon={null}
      customInputIcon={null}
      date={"2020-08-29T23:00:00.000Z"}
      dayPickerNavigationInlineStyles={null}
      daySize={39}
      disableScroll={false}
      disabled={false}
      displayFormat="DD/MM/YYYY"
      enableOutsideDays={false}
      firstDayOfWeek={null}
      focused={false}
      hideKeyboardShortcutsPanel={false}
      horizontalMargin={0}
      horizontalMonthPadding={13}
      id="date"
      initialVisibleMonth={null}
      inputIconPosition="before"
      isDayBlocked={[Function]}
      isDayHighlighted={[Function]}
      isOutsideRange={[Function]}
      isRTL={false}
      keepFocusOnInput={false}
      keepOpenOnDateSelect={false}
      monthFormat="MMMM YYYY"
      navNext={null}
      navPosition="navPositionTop"
      navPrev={null}
      noBorder={false}
      numberOfMonths={1}
      onClose={[Function]}
      onDateChange={[Function]}
      onFocusChange={[Function]}
      onNextMonthClick={[Function]}
      onPrevMonthClick={[Function]}
      openDirection="down"
      orientation="horizontal"
      phrases={
        Object {
          "calendarLabel": "Calendar",
          "chooseAvailableDate": [Function],
          "clearDate": "Clear Date",
          "closeDatePicker": "Close",
          "dateIsSelected": [Function],
          "dateIsUnavailable": [Function],
          "enterKey": "Enter key",
          "escape": "Escape key",
          "hideKeyboardShortcutsPanel": "Close the shortcuts panel.",
          "homeEnd": "Home and end keys",
          "jumpToNextMonth": "Move forward to switch to the next month.",
          "jumpToPrevMonth": "Move backward to switch to the previous month.",
          "keyboardBackwardNavigationInstructions": "Navigate backward to interact with the calendar and select a date. Press the question mark key to get the keyboard shortcuts for changing dates.",
          "keyboardForwardNavigationInstructions": "Navigate forward to interact with the calendar and select a date. Press the question mark key to get the keyboard shortcuts for changing dates.",
          "keyboardShortcuts": "Keyboard Shortcuts",
          "leftArrowRightArrow": "Right and left arrow keys",
          "moveFocusByOneDay": "Move backward (left) and forward (right) by one day.",
          "moveFocusByOneMonth": "Switch months.",
          "moveFocusByOneWeek": "Move backward (up) and forward (down) by one week.",
          "moveFocustoStartAndEndOfWeek": "Go to the first or last day of a week.",
          "openThisPanel": "Open this panel.",
          "pageUpPageDown": "page up and page down keys",
          "questionMark": "Question mark",
          "returnFocusToInput": "Return to the date input field.",
          "roleDescription": "datepicker",
          "selectFocusedDate": "Select the date in focus.",
          "showKeyboardShortcutsPanel": "Open the keyboard shortcuts panel.",
          "upArrowDownArrow": "up and down arrow keys",
        }
      }
      placeholder="Date"
      readOnly={false}
      regular={false}
      renderCalendarInfo={null}
      renderDayContents={null}
      renderMonthElement={null}
      renderMonthText={null}
      renderNavNextButton={null}
      renderNavPrevButton={null}
      renderWeekHeaderElement={null}
      reopenPickerOnClearDate={false}
      required={false}
      screenReaderInputMessage=""
      showClearDate={false}
      showDefaultInputIcon={false}
      small={false}
      verticalHeight={null}
      verticalSpacing={22}
      weekDayFormat="dd"
      withFullScreenPortal={false}
      withPortal={false}
    />
    <textarea
      id="notes"
      onChange={[Function]}
      placeholder="Enter an optional note for your expense"
      value="Return to London Waterloo"
    />
    <button>
      Edit expense
    </button>
  </form>
</div>
`;

exports[`should render an error for an invalid from submission 1`] = `
<div>
  <form
    onSubmit={[Function]}
  >
    <input
      autoFocus={true}
      id="description"
      onChange={[Function]}
      placeholder="Description"
      type="text"
      value=""
    />
    <input
      id="amount"
      onChange={[Function]}
      placeholder="Amount"
      type="text"
      value=""
    />
    <withStyles(SingleDatePicker)
      anchorDirection="left"
      appendToBody={false}
      block={false}
      calendarInfoPosition="bottom"
      customCloseIcon={null}
      customInputIcon={null}
      date={"1970-01-01T00:00:00.000Z"}
      dayPickerNavigationInlineStyles={null}
      daySize={39}
      disableScroll={false}
      disabled={false}
      displayFormat="DD/MM/YYYY"
      enableOutsideDays={false}
      firstDayOfWeek={null}
      focused={false}
      hideKeyboardShortcutsPanel={false}
      horizontalMargin={0}
      horizontalMonthPadding={13}
      id="date"
      initialVisibleMonth={null}
      inputIconPosition="before"
      isDayBlocked={[Function]}
      isDayHighlighted={[Function]}
      isOutsideRange={[Function]}
      isRTL={false}
      keepFocusOnInput={false}
      keepOpenOnDateSelect={false}
      monthFormat="MMMM YYYY"
      navNext={null}
      navPosition="navPositionTop"
      navPrev={null}
      noBorder={false}
      numberOfMonths={1}
      onClose={[Function]}
      onDateChange={[Function]}
      onFocusChange={[Function]}
      onNextMonthClick={[Function]}
      onPrevMonthClick={[Function]}
      openDirection="down"
      orientation="horizontal"
      phrases={
        Object {
          "calendarLabel": "Calendar",
          "chooseAvailableDate": [Function],
          "clearDate": "Clear Date",
          "closeDatePicker": "Close",
          "dateIsSelected": [Function],
          "dateIsUnavailable": [Function],
          "enterKey": "Enter key",
          "escape": "Escape key",
          "hideKeyboardShortcutsPanel": "Close the shortcuts panel.",
          "homeEnd": "Home and end keys",
          "jumpToNextMonth": "Move forward to switch to the next month.",
          "jumpToPrevMonth": "Move backward to switch to the previous month.",
          "keyboardBackwardNavigationInstructions": "Navigate backward to interact with the calendar and select a date. Press the question mark key to get the keyboard shortcuts for changing dates.",
          "keyboardForwardNavigationInstructions": "Navigate forward to interact with the calendar and select a date. Press the question mark key to get the keyboard shortcuts for changing dates.",
          "keyboardShortcuts": "Keyboard Shortcuts",
          "leftArrowRightArrow": "Right and left arrow keys",
          "moveFocusByOneDay": "Move backward (left) and forward (right) by one day.",
          "moveFocusByOneMonth": "Switch months.",
          "moveFocusByOneWeek": "Move backward (up) and forward (down) by one week.",
          "moveFocustoStartAndEndOfWeek": "Go to the first or last day of a week.",
          "openThisPanel": "Open this panel.",
          "pageUpPageDown": "page up and page down keys",
          "questionMark": "Question mark",
          "returnFocusToInput": "Return to the date input field.",
          "roleDescription": "datepicker",
          "selectFocusedDate": "Select the date in focus.",
          "showKeyboardShortcutsPanel": "Open the keyboard shortcuts panel.",
          "upArrowDownArrow": "up and down arrow keys",
        }
      }
      placeholder="Date"
      readOnly={false}
      regular={false}
      renderCalendarInfo={null}
      renderDayContents={null}
      renderMonthElement={null}
      renderMonthText={null}
      renderNavNextButton={null}
      renderNavPrevButton={null}
      renderWeekHeaderElement={null}
      reopenPickerOnClearDate={false}
      required={false}
      screenReaderInputMessage=""
      showClearDate={false}
      showDefaultInputIcon={false}
      small={false}
      verticalHeight={null}
      verticalSpacing={22}
      weekDayFormat="dd"
      withFullScreenPortal={false}
      withPortal={false}
    />
    <textarea
      id="notes"
      onChange={[Function]}
      placeholder="Enter an optional note for your expense"
      value=""
    />
    <button>
      Add expense
    </button>
  </form>
</div>
`;

exports[`should render an error for an invalid from submission 2`] = `
<div>
  <form
    onSubmit={[Function]}
  >
    <input
      autoFocus={true}
      id="description"
      onChange={[Function]}
      placeholder="Description"
      type="text"
      value=""
    />
    <input
      id="amount"
      onChange={[Function]}
      placeholder="Amount"
      type="text"
      value=""
    />
    <withStyles(SingleDatePicker)
      anchorDirection="left"
      appendToBody={false}
      block={false}
      calendarInfoPosition="bottom"
      customCloseIcon={null}
      customInputIcon={null}
      date={"1970-01-01T00:00:00.000Z"}
      dayPickerNavigationInlineStyles={null}
      daySize={39}
      disableScroll={false}
      disabled={false}
      displayFormat="DD/MM/YYYY"
      enableOutsideDays={false}
      firstDayOfWeek={null}
      focused={false}
      hideKeyboardShortcutsPanel={false}
      horizontalMargin={0}
      horizontalMonthPadding={13}
      id="date"
      initialVisibleMonth={null}
      inputIconPosition="before"
      isDayBlocked={[Function]}
      isDayHighlighted={[Function]}
      isOutsideRange={[Function]}
      isRTL={false}
      keepFocusOnInput={false}
      keepOpenOnDateSelect={false}
      monthFormat="MMMM YYYY"
      navNext={null}
      navPosition="navPositionTop"
      navPrev={null}
      noBorder={false}
      numberOfMonths={1}
      onClose={[Function]}
      onDateChange={[Function]}
      onFocusChange={[Function]}
      onNextMonthClick={[Function]}
      onPrevMonthClick={[Function]}
      openDirection="down"
      orientation="horizontal"
      phrases={
        Object {
          "calendarLabel": "Calendar",
          "chooseAvailableDate": [Function],
          "clearDate": "Clear Date",
          "closeDatePicker": "Close",
          "dateIsSelected": [Function],
          "dateIsUnavailable": [Function],
          "enterKey": "Enter key",
          "escape": "Escape key",
          "hideKeyboardShortcutsPanel": "Close the shortcuts panel.",
          "homeEnd": "Home and end keys",
          "jumpToNextMonth": "Move forward to switch to the next month.",
          "jumpToPrevMonth": "Move backward to switch to the previous month.",
          "keyboardBackwardNavigationInstructions": "Navigate backward to interact with the calendar and select a date. Press the question mark key to get the keyboard shortcuts for changing dates.",
          "keyboardForwardNavigationInstructions": "Navigate forward to interact with the calendar and select a date. Press the question mark key to get the keyboard shortcuts for changing dates.",
          "keyboardShortcuts": "Keyboard Shortcuts",
          "leftArrowRightArrow": "Right and left arrow keys",
          "moveFocusByOneDay": "Move backward (left) and forward (right) by one day.",
          "moveFocusByOneMonth": "Switch months.",
          "moveFocusByOneWeek": "Move backward (up) and forward (down) by one week.",
          "moveFocustoStartAndEndOfWeek": "Go to the first or last day of a week.",
          "openThisPanel": "Open this panel.",
          "pageUpPageDown": "page up and page down keys",
          "questionMark": "Question mark",
          "returnFocusToInput": "Return to the date input field.",
          "roleDescription": "datepicker",
          "selectFocusedDate": "Select the date in focus.",
          "showKeyboardShortcutsPanel": "Open the keyboard shortcuts panel.",
          "upArrowDownArrow": "up and down arrow keys",
        }
      }
      placeholder="Date"
      readOnly={false}
      regular={false}
      renderCalendarInfo={null}
      renderDayContents={null}
      renderMonthElement={null}
      renderMonthText={null}
      renderNavNextButton={null}
      renderNavPrevButton={null}
      renderWeekHeaderElement={null}
      reopenPickerOnClearDate={false}
      required={false}
      screenReaderInputMessage=""
      showClearDate={false}
      showDefaultInputIcon={false}
      small={false}
      verticalHeight={null}
      verticalSpacing={22}
      weekDayFormat="dd"
      withFullScreenPortal={false}
      withPortal={false}
    />
    <textarea
      id="notes"
      onChange={[Function]}
      placeholder="Enter an optional note for your expense"
      value=""
    />
    <button>
      Add expense
    </button>
    <p>
      Please provide a description and an amount!
    </p>
  </form>
</div>
`;
